---
source: src/tests/regenerate_unaudited.rs
expression: exemptions
---
[[third-party1]]
version = "3.0.0"
criteria = "safe-to-deploy"

[[transitive-third-party1]]
version = "4.0.0"
criteria = "safe-to-run"

