---
source: src/tests.rs
assertion_line: 791
expression: stdout
---
Vetting Succeeded (3 fully audited)

