---
source: src/tests.rs
assertion_line: 720
expression: stdout
---
Vetting Succeeded (2 fully audited, 0 partially audited, 3 unaudited)

