---
source: src/tests.rs
assertion_line: 1637
expression: stdout
---
Vetting Succeeded (3 fully audited)

