---
source: src/tests.rs
assertion_line: 747
expression: stdout
---
Vetting Succeeded (3 fully audited)

