---
source: src/tests.rs
assertion_line: 1655
expression: stdout
---
Vetting Failed!

1 unvetted dependencies:
  third-party2:10.0.0 missing ["fuzzed"]

recommended audits:
    third-party2:10.0.0 full 10.0.0 (+100) for ["fuzzed"]

Use |cargo vet certify| to record the audits.

