---
source: src/tests.rs
expression: stdout
---
Vetting Succeeded (5 fully audited, 1 partially audited)

