---
source: src/tests.rs
assertion_line: 1056
expression: stdout
---
Vetting Failed!

1 unvetted dependencies:
  third-party1:10.0.0 missing ["reviewed"]

recommended audits:
    third-party1:(5.0.0 -> 7.0.0)  for reviewed  (+24)  (used by first-party) 

Use |cargo vet certify| to record the audits.

