---
source: src/tests.rs
assertion_line: 1870
expression: stdout
---
Vetting Succeeded (1 fully audited, 0 partially audited, 4 unaudited)

