---
source: src/tests.rs
assertion_line: 837
expression: stdout
---
Vetting Failed!

1 unvetted dependencies:
  third-party1:10.0.0 missing ["reviewed"]

recommended audits:
    third-party1:(9.0.0 -> 10.0.0) for reviewed (+19) (used by first-party) 

Use |cargo vet certify| to record the audits.

