---
source: src/tests.rs
expression: unaudited
---
[[third-party1]]
version = '3.0.0'
criteria = 'safe-to-deploy'

[[transitive-third-party1]]
version = '10.0.0'
criteria = 'safe-to-deploy'

