---
source: src/tests.rs
assertion_line: 909
expression: stdout
---
Vetting Succeeded (3 fully audited)

