---
source: src/tests.rs
assertion_line: 2083
expression: stdout
---
Vetting Succeeded (2 fully audited)

