---
source: src/tests.rs
assertion_line: 984
expression: stdout
---
Vetting Failed!

1 unvetted dependencies:
  third-party1:10.0.0 missing ["reviewed"]

recommended audits:
    third-party1:10.0.0 5.0.0 -> 7.0.0 (+24) for ["reviewed"]

Use |cargo vet certify| to record the audits.

