---
source: src/tests.rs
assertion_line: 548
expression: stdout
---
Vetting Failed!

1 unvetted dependencies:
  transitive-third-party1:10.0.0 missing ["reviewed", "weak-reviewed"]

dependency tree:
  root-package:10.0.0
    first-party:10.0.0
      third-party1:10.0.0
        transitive-third-party1:10.0.0 needs ["reviewed", "weak-reviewed"]
Use |cargo vet certify| to record the audits.
recommended audits:
    transitive-third-party1:10.0.0  0.0.0 -> 10.0.0 (+100) for ["reviewed", "weak-reviewed"]


