---
source: src/tests.rs
assertion_line: 531
expression: stdout
---
Vetting Failed!

1 forbidden dependencies:
  third-party1:10.0.0

Use |cargo vet certify| to record the audits.
nothing to recommend

