---
source: src/tests.rs
assertion_line: 1191
expression: stdout
---
Vetting Failed!

1 unvetted dependencies:
  third-party1:10.0.0 missing ["reviewed"]

recommended audits:
    third-party1:10.0.0  for reviewed  (100 lines)  (used by first-party) 

Use |cargo vet certify| to record the audits.

